ARG NODE_VERSION=24
FROM node:${NODE_VERSION}-slim AS builder
WORKDIR /app
RUN npm ci
ARG ALPINE_VERSION=3.20
FROM alpine:${ALPINE_VERSION} AS variable-tag
RUN echo variable

FROM nginx:1.27-alpine
FROM alpine@sha256:0123456789abcdef0123456789abcdef0123456789abcdef0123456789abcdef
FROM scratch AS empty-root
COPY --from=builder /app/dist /usr/share/nginx/html
